Warning: replacing previous import ‘AnnotationDbi::tail’ by ‘utils::tail’ when loading ‘hgu133plus2cdf’
Warning: replacing previous import ‘AnnotationDbi::head’ by ‘utils::head’ when loading ‘hgu133plus2cdf’
Warning: replacing previous import ‘AnnotationDbi::tail’ by ‘utils::tail’ when loading ‘hgu133plus2cdf’
Warning: replacing previous import ‘AnnotationDbi::head’ by ‘utils::head’ when loading ‘hgu133plus2cdf’
Warning: replacing previous import ‘AnnotationDbi::tail’ by ‘utils::tail’ when loading ‘hgu133plus2cdf’
Warning: replacing previous import ‘AnnotationDbi::head’ by ‘utils::head’ when loading ‘hgu133plus2cdf’
Background correcting
Normalizing
Calculating Expression
Getting probe level data...

--- STDERR ---
'getOption("repos")' replaces Bioconductor standard repositories, see
'help("repositories", package = "BiocManager")' for details.
Replacement repositories:
    CRAN: https://cloud.r-project.org
'getOption("repos")' replaces Bioconductor standard repositories, see
'help("repositories", package = "BiocManager")' for details.
Replacement repositories:
    CRAN: https://cloud.r-project.org
trying URL 'https://bioconductor.org/packages/3.22/data/annotation/src/contrib/hgu133plus2cdf_2.18.0.tar.gz'
Content type 'application/gzip' length 4353300 bytes (4.2 MB)
==================================================
downloaded 4.2 MB

* installing *source* package ‘hgu133plus2cdf’ ...
** this is package ‘hgu133plus2cdf’ version ‘2.18.0’
** using staged installation
** R
** data
** byte-compile and prepare package for lazy loading
** help
*** installing help indices
** building package indices
** testing if installed package can be loaded from temporary location
** testing if installed package can be loaded from final location
** testing if installed package keeps a record of temporary installation path
* DONE (hgu133plus2cdf)

The downloaded source packages are in
	‘/tmp/RtmpfTCNGk/downloaded_packages’

Warning messages:
1: replacing previous import ‘AnnotationDbi::tail’ by ‘utils::tail’ when loading ‘hgu133plus2cdf’ 
2: replacing previous import ‘AnnotationDbi::head’ by ‘utils::head’ when loading ‘hgu133plus2cdf’ 
